# Baseline for bare internal hash citations lacking ("subject") annotation.
# The gate reports ADVISORY for entries listed here; any new bare citation
# not present in this file is a FAIL.  This is a descend-only ratchet:
# removing a bare citation removes its entry; adding one fails immediately.
#
# Format: file:hashtoken (NOT file:lineno -- hash tokens are stable under
# ordinary editing; line numbers are not).
#
# To clear an entry: add the ("subject") annotation to the cited line and
# remove the corresponding line from this file in the same commit.
childops/fs/procfs-writer.c:f0e4b43ca295
childops/fs/ublk-lifecycle.c:950e48314ab0
childops/io_uring/send-zc-churn.c:950e48314ab0
childops/net/packet-qdisc-bypass-unanchored-l2.c:2bed5637987c
childops/net/packet-qdisc-bypass-unanchored-l2.c:fafa23bad4ce
include/child.h:59650d9d2e17
net/socket-family-grammar-alg.c:5019c4342a24
scripts/check-static/check-runtime-json-output.sh:8d326144e77a
scripts/check-static/json-separator-adjacency.sh:872757fb803b
scripts/check-static/pdeathsig-getppid-recheck.sh:e8f741787a65
stats/network/childops.c:2bed5637987c
syscalls/fs/ftruncate.c:018072e2f5fc
syscalls/signal/signal.c:1d0279f0e6f9
syscalls/xattr/lremovexattr.c:7aa68bb3e648
syscalls/xattr/removexattr.c:7aa68bb3e648
