# Baseline for commits whose messages contain pre-existing bare-informal
# hash citations.  History is immutable; these citations cannot be amended.
# The gate reports ADVISORY for listed commits so they do not block CI,
# and FAIL for any NEW bare-informal citation in a commit not listed here.
#
# Format: <full SHA1>   # optional annotation
#
# Bare-informal form: HASH (description text without quotes)
# Required form:      HASH ("exact commit subject")
#
# --- known pre-existing bare-informal citations ---
#
# 81bf61bc35a3: cites be3d452c91d0 as
#   (fix non-literal tally sentinel, moving the uncounted count from 43 to 30)
#   real subject: "check-static: magnitude-aware tally predicate for uncounted workers"
81bf61bc35a398dd5f81ba651bf072f79c7fa4bd
#
# 1ce06bc4aa2d: cites fdddb7f1be9c as
#   (oracle and iter_eaddrinuse return-value capture)
#   real subject: "rds_bind_transport_refleak: fix unfalsifiable module-ref oracle"
1ce06bc4aa2d8fdb0c2baee1bcf5ac662a8be991
#
# 7eb055889ecc: cites 8cce4ee57d0e (GC'd) as
#   (health: fix partial-buglog misclassification)
#   also cites 7f68e0c25768 (GC'd) as (check-static: gate sfg phase-order invariants)
7eb055889ecce1e745a8ad2fca13a9e96f65d0e8
#
# a9da9240ca1a: cites fa70568f8e3e as
#   (already reachable)
#   prose context, not a formal subject annotation
a9da9240ca1a20672666b46df0162a3dcc4f9573
#
# 8801ec5d3ad1: cites a4fd741e38a8 as
#   (inplace-crypto-oracle splice inertness)
#   real subject: "child: inplace-crypto-oracle: move splice inertness counters to shm"
8801ec5d3ad1ebb6b94c34af1cf821dba59a8c8c
#
# fa8e3333b28b: cites 7eb536416027 (not a git object) as
#   (struct psi_writer_arg)
fa8e3333b28b55e4bc5ccc73e25a596f363b445a
#
# 9570566b35fe: cites 726c4417688b as
#   (stats: latch ferror and disable timeseries sink on write failure)
#   subject matches but lacks quotes
9570566b35fefaa5bdc6aa59c3333c5fb1f84495
#
# 4ca0e69a5f41: cites 726c4417688b as
#   (stats: latch ferror and disable timeseries sink on write failure)
#   subject matches but lacks quotes
4ca0e69a5f418cf042d63d6cab74dda9bc78756a
#
# 9a81964c6e76: cites e21a535302d8 as
#   (persist: add untraced cost counters for deferred-free protect regions)
#   subject matches but lacks quotes
9a81964c6e76819986ee7fe4e0e59a485d3f95af
#
# ea87ec770355: cites a4fd741e38a8 as
#   (child: inplace-crypto-oracle: move splice inertness counters to shm)
#   subject matches but lacks quotes
ea87ec770355e18c3f557071184c4e59dfb7e4e8
4451266d55c4   # brct pkts_conntracked oracle fix: cites related checksum fixes informally
