# stats-json-schema.baseline
#
# Ordered structural schema of the --stats-json document, produced by
# scripts/check-static/stats-json-schema.sh from stats/json/*.c plus the
# STAT_CATEGORY / STAT_FIELD* descriptor tables under stats/.
#
# One entry per (key-path, value-type) tuple in emission order.  Indent
# reflects nesting depth so a diff reads naturally.  Types:
#   object / array   -- nested container
#   u64 / u32 / i64  -- integer scalar (printf %lu / %u / %ld family)
#   i32 / f64        -- integer / floating scalar
#   str              -- string scalar (%s or json_emit_string)
#
# Regenerate after an intentional schema change with
#   scripts/check-static/stats-json-schema.sh --regen
# and commit the diff alongside the code change with a Summary line
# explaining why the key moved / retyped / reordered.
#
# Lines beginning with '#' and blank lines are ignored on read.
syscalls	array
  syscalls.name	str
  syscalls.attempted_calls	u32
  syscalls.kcov_calls	u64
  syscalls.successes	u32
  syscalls.failures	u32
  syscalls.extrafork_calls	u64
  syscalls.errnos	object
    syscalls.errnos.%u	u32
stats	object
  stats.fault_injection	object
    stats.fault_injection.armed_fail_nth	u64
    stats.fault_injection.returned_enomem	u64
  stats.fd_lifecycle	object
    stats.fd_lifecycle.stale_detected	u64
    stats.fd_lifecycle.stale_by_generation	u64
    stats.fd_lifecycle.closed_tracked	u64
    stats.fd_lifecycle.duped	u64
    stats.fd_lifecycle.events_processed	u64
    stats.fd_lifecycle.events_dropped	u64
    stats.fd_lifecycle.event_close_count	u64
    stats.fd_lifecycle.event_evict_count	u64
    stats.fd_lifecycle.hash_reinsert_dropped	u64
    stats.fd_lifecycle.local_hash_insert_dropped	u64
    stats.fd_lifecycle.runtime_registered	u64
    stats.fd_lifecycle.epoll_lazy_armed	u64
    stats.fd_lifecycle.epoll_blocking_poll_skipped	u64
    stats.fd_lifecycle.random_exhausted	u64
    stats.fd_lifecycle.provider_invalid	u64
    stats.fd_lifecycle.live_remove_calls	u64
    stats.fd_lifecycle.live_remove_miss	u64
    stats.fd_lifecycle.live_remove_scan_histogram	array
    stats.fd_lifecycle.event_full_close	u64
    stats.fd_lifecycle.event_full_evict	u64
    stats.fd_lifecycle.event_full_close_range	u64
    stats.fd_lifecycle.event_close_range_enqueued	u64
    stats.fd_lifecycle.event_close_range_length_sum	u64
  stats.oracle	object
    stats.oracle.fd_anomalies	u64
    stats.oracle.mmap_anomalies	u64
    stats.oracle.cred_anomalies	u64
    stats.oracle.sched_anomalies	u64
    stats.oracle.uid_anomalies	u64
    stats.oracle.gid_anomalies	u64
    stats.oracle.setgroups_anomalies	u64
    stats.oracle.getegid_anomalies	u64
    stats.oracle.getuid_anomalies	u64
    stats.oracle.getgid_anomalies	u64
    stats.oracle.getppid_anomalies	u64
    stats.oracle.getcwd_anomalies	u64
    stats.oracle.getpid_anomalies	u64
    stats.oracle.getpgid_anomalies	u64
    stats.oracle.getpgrp_anomalies	u64
    stats.oracle.geteuid_anomalies	u64
    stats.oracle.getsid_anomalies	u64
    stats.oracle.gettid_anomalies	u64
    stats.oracle.setsid_anomalies	u64
    stats.oracle.setpgid_anomalies	u64
    stats.oracle.sched_getscheduler_anomalies	u64
    stats.oracle.getgroups_anomalies	u64
    stats.oracle.getresuid_anomalies	u64
    stats.oracle.getresgid_anomalies	u64
    stats.oracle.umask_anomalies	u64
    stats.oracle.sched_get_priority_max_anomalies	u64
    stats.oracle.sched_get_priority_min_anomalies	u64
    stats.oracle.sched_yield_anomalies	u64
    stats.oracle.getpagesize_anomalies	u64
    stats.oracle.time_anomalies	u64
    stats.oracle.gettimeofday_anomalies	u64
    stats.oracle.newuname_anomalies	u64
    stats.oracle.rt_sigpending_anomalies	u64
    stats.oracle.sched_getaffinity_anomalies	u64
    stats.oracle.rt_sigprocmask_anomalies	u64
    stats.oracle.sched_getparam_anomalies	u64
    stats.oracle.sched_rr_get_interval_anomalies	u64
    stats.oracle.get_robust_list_anomalies	u64
    stats.oracle.getrlimit_anomalies	u64
    stats.oracle.sysinfo_anomalies	u64
    stats.oracle.times_anomalies	u64
    stats.oracle.clock_getres_anomalies	u64
    stats.oracle.capget_anomalies	u64
    stats.oracle.capdrop_anomalies	u64
    stats.oracle.newlstat_anomalies	u64
    stats.oracle.newstat_anomalies	u64
    stats.oracle.newfstat_anomalies	u64
    stats.oracle.newfstatat_anomalies	u64
    stats.oracle.statx_anomalies	u64
    stats.oracle.fstatfs_anomalies	u64
    stats.oracle.fstatfs64_anomalies	u64
    stats.oracle.statfs_anomalies	u64
    stats.oracle.statfs64_anomalies	u64
    stats.oracle.uname_anomalies	u64
    stats.oracle.lsm_list_modules_anomalies	u64
    stats.oracle.listmount_anomalies	u64
    stats.oracle.statmount_anomalies	u64
    stats.oracle.statmount_skipped	u64
    stats.oracle.getsockname_anomalies	u64
    stats.oracle.getpeername_anomalies	u64
    stats.oracle.file_getattr_anomalies	u64
    stats.oracle.sched_getattr_anomalies	u64
    stats.oracle.getrusage_anomalies	u64
    stats.oracle.sigpending_anomalies	u64
    stats.oracle.getcpu_anomalies	u64
    stats.oracle.clock_gettime_anomalies	u64
    stats.oracle.get_mempolicy_anomalies	u64
    stats.oracle.lsm_get_self_attr_anomalies	u64
    stats.oracle.prlimit64_anomalies	u64
    stats.oracle.sigaltstack_anomalies	u64
    stats.oracle.olduname_anomalies	u64
    stats.oracle.lookup_dcookie_anomalies	u64
    stats.oracle.getxattr_anomalies	u64
    stats.oracle.lgetxattr_anomalies	u64
    stats.oracle.fgetxattr_anomalies	u64
    stats.oracle.listxattrat_anomalies	u64
    stats.oracle.flistxattr_anomalies	u64
    stats.oracle.listxattr_anomalies	u64
    stats.oracle.llistxattr_anomalies	u64
    stats.oracle.readlink_anomalies	u64
    stats.oracle.readlinkat_anomalies	u64
    stats.oracle.sysfs_anomalies	u64
  stats.vfs_writes	object
    stats.vfs_writes.procfs_open_fail	u64
    stats.vfs_writes.procfs_write_fail	u64
    stats.vfs_writes.procfs_write_ok	u64
    stats.vfs_writes.sysfs_open_fail	u64
    stats.vfs_writes.sysfs_write_fail	u64
    stats.vfs_writes.sysfs_write_ok	u64
    stats.vfs_writes.debugfs_open_fail	u64
    stats.vfs_writes.debugfs_write_fail	u64
    stats.vfs_writes.debugfs_write_ok	u64
  stats.genl_family_calls	object
    stats.genl_family_calls.devlink	u64
    stats.genl_family_calls.nl80211	u64
    stats.genl_family_calls.taskstats	u64
    stats.genl_family_calls.ethtool	u64
    stats.genl_family_calls.mptcp_pm	u64
    stats.genl_family_calls.tipc	u64
    stats.genl_family_calls.wireguard	u64
    stats.genl_family_calls.l2tp	u64
    stats.genl_family_calls.gtp	u64
    stats.genl_family_calls.macsec	u64
    stats.genl_family_calls.netlabel	u64
    stats.genl_family_calls.team	u64
    stats.genl_family_calls.hsr	u64
    stats.genl_family_calls.fou	u64
    stats.genl_family_calls.psample	u64
    stats.genl_family_calls.ila	u64
    stats.genl_family_calls.ioam6	u64
    stats.genl_family_calls.seg6	u64
    stats.genl_family_calls.thermal	u64
    stats.genl_family_calls.ipvs	u64
  stats.nfnl_subsys_calls	object
    stats.nfnl_subsys_calls.ctnetlink	u64
    stats.nfnl_subsys_calls.ctnetlink_exp	u64
    stats.nfnl_subsys_calls.nftables	u64
    stats.nfnl_subsys_calls.ipset	u64
  stats.netlink_generator	object
    stats.netlink_generator.nested_attrs_emitted	u64
    stats.netlink_generator.nested_attrs_accepted	u64
    stats.netlink_generator.nested_attr_skipped_width	u64
    stats.netlink_generator.nested_attr_built_width	u64
    stats.netlink_generator.nested_attr_build_calls	u64
    stats.netlink_generator.nested_attr_lost_align	u64
    stats.netlink_generator.stab_emit_skipped	u64
  stats.rtnl_ack_oracle	object
    stats.rtnl_ack_oracle.accepted	u64
    stats.rtnl_ack_oracle.einval	u64
    stats.rtnl_ack_oracle.erange	u64
    stats.rtnl_ack_oracle.eopnotsupp	u64
    stats.rtnl_ack_oracle.eperm	u64
    stats.rtnl_ack_oracle.other	u64
    stats.rtnl_ack_oracle.send_fail	u64
    stats.rtnl_ack_oracle.no_reply_exhausted	u64
    stats.rtnl_ack_oracle.no_reply_clean	u64
    stats.rtnl_ack_oracle.stale_done	u64
    stats.rtnl_ack_oracle.stale_other	u64
    stats.rtnl_ack_oracle.stale_foreign_ack	u64
    stats.rtnl_ack_oracle.stale_undersized	u64
    stats.rtnl_ack_oracle.stale_truncated	u64
    stats.rtnl_ack_oracle.stale_unparsed	u64
    stats.rtnl_ack_oracle.bad_framing	u64
    stats.rtnl_ack_oracle.dump_skipped	u64
    stats.rtnl_ack_oracle.recv_enobufs	u64
    stats.rtnl_ack_oracle.recv_eintr	u64
    stats.rtnl_ack_oracle.recv_error	u64
  stats.bpf_fd_provider	object
    stats.bpf_fd_provider.maps_provided	u64
    stats.bpf_fd_provider.progs_provided	u64
    stats.bpf_fd_provider.bpf_prog_load_rejected	u64
    stats.bpf_fd_provider.bpf_prog_load_einval	u64
  stats.frontier_discriminator	object
    stats.frontier_discriminator.frseq_candidates	u64
    stats.frontier_discriminator.frseq_would_skip	u64
  stats.childop_burst	object
    stats.childop_burst.burst_alt_picks_window	u64
  stats.corrupt_ptr_probe	object
    stats.corrupt_ptr_probe.sample_seq	u64
  stats.posix_timer	object
    stats.posix_timer.sigev_delivered	u64
    stats.posix_timer.sigev_missed	u64
    stats.posix_timer.sigev_cookie_bad	u64
  stats.iouring_eventfd	object
    stats.iouring_eventfd.register_ok	u64
    stats.iouring_eventfd.register_fail	u64
    stats.iouring_eventfd.recursive_runs	u64
    stats.iouring_eventfd.recursive_cqes	u64
  stats.aio	object
    stats.aio.submitted	u64
  stats.errno_gradient	object
    stats.errno_gradient.crossings	u64
    stats.errno_gradient.to_permstate	u64
    stats.errno_gradient.to_success	u64
  stats.cold_overflow	object
    stats.cold_overflow.would_save	u64
    stats.cold_overflow.would_save_cold	u64
    stats.cold_overflow.would_save_absent	u64
  stats.inplace_crypto	object
    stats.inplace_crypto.mutated	u64
    stats.inplace_crypto.splice_attempts	u64
    stats.inplace_crypto.splice_ok	u64
    stats.inplace_crypto.splice_warned	u64
  stats.rpl_clone_fidelity	object
    stats.rpl_clone_fidelity.srh_mutated	u64
    stats.rpl_clone_fidelity.daddr_mutated	u64
  stats.fd_runtime_skipped	object
    stats.fd_runtime_skipped.stdio	u64
    stats.fd_runtime_skipped.already_registered	u64
  stats.child	object
    stats.child.dead_parent_observed	u64
  stats.parent	object
    stats.parent.inherited_fds_closed	u64
  stats.uid_change	object
    stats.uid_change.logged	u64
  stats.no_domains	object
    stats.no_domains.runtime_skipped	u64
  stats.zombie_slots	object
    stats.zombie_slots.pending	u64
    stats.zombie_slots.reaped	u64
    stats.zombie_slots.timed_out	u64
    stats.zombie_slots.quarantined	u64
  stats.corruption	object
    stats.corruption.fd_event_ring_noncanon	u64
    stats.corruption.fd_event_ring_canary	u64
    stats.corruption.fd_event_payload	u64
    stats.corruption.stats_ring_noncanon	u64
    stats.corruption.stats_ring_canary	u64
    stats.corruption.deferred_free_corrupt_ptr	u64
    stats.corruption.post_handler_corrupt_ptr	u64
    stats.corruption.deferred_free_reject	u64
    stats.corruption.deferred_free_reject_pathname	u64
    stats.corruption.deferred_free_reject_iovec	u64
    stats.corruption.deferred_free_reject_sockaddr	u64
    stats.corruption.deferred_free_reject_other	u64
    stats.corruption.snapshot_non_heap_reject	u64
    stats.corruption.rec_canary_stomped	u64
    stats.corruption.rzs_blanket_reject	u64
    stats.corruption.retfd_blanket_reject	u64
    stats.corruption.arena_ptr_stale_caught_arg	u64
    stats.corruption.arena_ptr_stale_caught_post_state	u64
    stats.corruption.read_walk_aborted	u64
    stats.corruption.write_walk_aborted	u64
    stats.corruption.sibling_mprotect_failed	u64
    stats.corruption.destroy_object_idx	u64
    stats.corruption.global_obj_uaf_caught	u64
    stats.corruption.mseal_content_oracle_fail	u64
    stats.corruption.mseal_unexpected_success	u64
    stats.corruption.maps_pool_draw_exhausted	u64
    stats.corruption.maps_reject_pool_empty	u64
    stats.corruption.maps_reject_bogus_obj_ptr	u64
    stats.corruption.maps_reject_alloc_track_miss	u64
    stats.corruption.maps_reject_alloc_track_miss_anon	u64
    stats.corruption.maps_reject_alloc_track_miss_file	u64
    stats.corruption.maps_reject_alloc_track_miss_testfile	u64
    stats.corruption.maps_reject_size_zero	u64
    stats.corruption.maps_reject_size_too_large	u64
    stats.corruption.maps_pool_chosen_anon	u64
    stats.corruption.maps_pool_chosen_file	u64
    stats.corruption.maps_pool_chosen_testfile	u64
    stats.corruption.maps_reject_pool_empty_anon	u64
    stats.corruption.maps_reject_pool_empty_file	u64
    stats.corruption.maps_reject_pool_empty_testfile	u64
    stats.corruption.maps_prot_reject_by_mask	array
    stats.corruption.maps_pick_attempts_sum	u64
    stats.corruption.maps_pick_successes	u64
    stats.corruption.maps_pick_with_prot_attempts_sum	u64
    stats.corruption.maps_pick_with_prot_successes	u64
    stats.corruption.maps_type_resolution_calls	u64
    stats.corruption.maps_type_resolution_scan_length_sum	u64
    stats.corruption.maps_type_resolution_hits	u64
    stats.corruption.chain_corpus_save_dup_shape	u64
    stats.corruption.chain_corpus_save_unique_shape	u64
    stats.corruption.deferred_free_reject_misaligned	u64
    stats.corruption.deferred_free_reject_corrupt_shape	u64
    stats.corruption.deferred_free_reject_non_heap	u64
    stats.corruption.deferred_free_reject_untracked	u64
    stats.corruption.nested_scrub_reject_untracked	u64
    stats.corruption.deferred_free_reject_shared_region	u64
    stats.corruption.deferred_free_outstanding_vmas	u64
    stats.corruption.deferred_free_vma_fallback_immediate	u64
    stats.corruption.deferred_free_enomem_drain	u64
    stats.corruption.deferred_free_rw_restore_enomem	u64
    stats.corruption.deferred_free_pre_dispatch_leaked	u64
    stats.corruption.ring_evict_leaked	u64
    stats.corruption.deferred_free_tracked_free_unverified_leak	u64
    stats.corruption.deferred_free_gen_arena_admitted	u64
    stats.corruption.deferred_free_gen_arena_retired_ok	u64
    stats.corruption.deferred_free_gen_arena_retire_reject	u64
    stats.corruption.deferred_free_gen_arena_pressure_leak	u64
    stats.corruption.deferred_free_ring_owned_skip	u64
    stats.corruption.deferred_free_double_admit_skip	u64
    stats.corruption.alloc_track_refresh_ring_owned_skip	u64
    stats.corruption.alloc_track_refresh_unverified_skip	u64
    stats.corruption.alloc_track_refresh_consume_miss	u64
    stats.corruption.alloc_track_lookup_array_fallback_hit	u64
    stats.corruption.pagecache_canary_corrupt_caught	u64
    stats.corruption.objpool_array_stale_caught	u64
    stats.corruption.lock_word_scribbled	u64
    stats.corruption.lossless_slot_implausible	u64
    stats.corruption.lock_held_scribble	u64
    stats.corruption.chain_replay_len_corrupt	u64
  stats.shared_buffer	object
    stats.shared_buffer.args_redirected	u64
    stats.shared_buffer.range_overlaps_shared_rejects	u64
    stats.shared_buffer.libc_heap_redirected	u64
    stats.shared_buffer.libc_heap_embedded_redirected	u64
    stats.shared_buffer.mm_gate_post_slip	u64
  stats.prctl_futex_hash	object
    stats.prctl_futex_hash.set_slots_ebusy	u64
  stats.socket_family_grammar	object
    stats.socket_family_grammar.runs	u64
    stats.socket_family_grammar.completed	u64
    stats.socket_family_grammar.distinct_seq	u64
    stats.socket_family_grammar.reward	u64
    stats.socket_family_grammar.feedback_picks	u64
  stats.xfrm_grammar	object
    stats.xfrm_grammar.msg_kind_draws	u64
    stats.xfrm_grammar.migrate_state_arm_entered	u64
  stats.xfrm_ah_esn	object
    stats.xfrm_ah_esn.setup_ok	u64
    stats.xfrm_ah_esn.setup_fail	u64
    stats.xfrm_ah_esn.async_runs	u64
    stats.xfrm_ah_esn.delsa_races	u64
  stats.xfrm_compat	object
    stats.xfrm_compat.sweep_runs	u64
    stats.xfrm_compat.sends_ok	u64
    stats.xfrm_compat.sends_failed	u64
    stats.xfrm_compat.replies_seen	u64
    stats.xfrm_compat.allocspi_runs	u64
    stats.xfrm_compat.allocspi_sends_ok	u64
    stats.xfrm_compat.allocspi_sends_failed	u64
    stats.xfrm_compat.allocspi_replies_seen	u64
    stats.xfrm_compat.allocspi_unsupported	u64
  stats.blob_mutator	object
    stats.blob_mutator.fills	u64
    stats.blob_mutator.havoc_ops	u64
    stats.blob_mutator.havoc_prefix_len_ops	u64
    stats.blob_mutator.dict_inserts	u64
    stats.blob_mutator.static_magic_inserts	u64
    stats.blob_mutator.dict_transform_inserts	u64
    stats.blob_mutator.base_from_corpus	u64
    stats.blob_mutator.base_from_random	u64
  stats.blob_ab_mode	object
    stats.blob_ab_mode.havoc_fills	u64
    stats.blob_ab_mode.havoc_new_edges	u64
    stats.blob_ab_mode.havoc_hit_cmp	u64
    stats.blob_ab_mode.havoc_sum_cmp	u64
    stats.blob_ab_mode.cmpdict_fills	u64
    stats.blob_ab_mode.cmpdict_new_edges	u64
    stats.blob_ab_mode.cmpdict_hit_cmp	u64
    stats.blob_ab_mode.cmpdict_sum_cmp	u64
  stats.setsockopt_pairing	object
    stats.setsockopt_pairing.paired_emitted	u64
  stats.userns_bootstrap	object
    stats.userns_bootstrap.runs	u64
    stats.userns_bootstrap.ran	u64
    stats.userns_bootstrap.eperm	u64
    stats.userns_bootstrap.userns_other	u64
    stats.userns_bootstrap.map_write_fail	u64
    stats.userns_bootstrap.map_write_fail_eperm	u64
    stats.userns_bootstrap.map_write_fail_einval	u64
    stats.userns_bootstrap.map_write_fail_other	u64
    stats.userns_bootstrap.target_unshare	u64
    stats.userns_bootstrap.fork_fail	u64
    stats.userns_bootstrap.signalled	u64
  stats.xattr_thrash	object
    stats.xattr_thrash.runs	u64
    stats.xattr_thrash.set	u64
    stats.xattr_thrash.get	u64
    stats.xattr_thrash.remove	u64
    stats.xattr_thrash.list	u64
    stats.xattr_thrash.failed	u64
  stats.epoll_volatility	object
    stats.epoll_volatility.runs	u64
    stats.epoll_volatility.ctl_calls	u64
    stats.epoll_volatility.failed	u64
  stats.statmount_idmap	object
    stats.statmount_idmap.runs	u64
    stats.statmount_idmap.setup_failed	u64
    stats.statmount_idmap.iter	u64
    stats.statmount_idmap.fork_failed	u64
    stats.statmount_idmap.carrier_ok	u64
    stats.statmount_idmap.carrier_fail	u64
    stats.statmount_idmap.setattr_ok	u64
    stats.statmount_idmap.setattr_fail	u64
    stats.statmount_idmap.statmount_call	u64
    stats.statmount_idmap.statmount_ok	u64
    stats.statmount_idmap.statmount_overflow	u64
  stats.netns_teardown	object
    stats.netns_teardown.runs	u64
    stats.netns_teardown.setup_failed	u64
    stats.netns_teardown.unshare_ok	u64
    stats.netns_teardown.socket_pair_ok	u64
    stats.netns_teardown.fork_ok	u64
    stats.netns_teardown.setns_ok	u64
    stats.netns_teardown.kill_ok	u64
    stats.netns_teardown.completed_ok	u64
  stats.cred_transition	object
    stats.cred_transition.runs	u64
    stats.cred_transition.setup_failed	u64
    stats.cred_transition.capset_ok	u64
    stats.cred_transition.capset_failed	u64
    stats.cred_transition.op_ok	u64
    stats.cred_transition.op_failed	u64
    stats.cred_transition.keyctl_ok	u64
    stats.cred_transition.keyctl_failed	u64
  stats.espintcp_coalesce_churn	object
    stats.espintcp_coalesce_churn.runs	u64
    stats.espintcp_coalesce_churn.setup_failed	u64
    stats.espintcp_coalesce_churn.ulp_install_ok	u64
    stats.espintcp_coalesce_churn.ulp_install_failed	u64
    stats.espintcp_coalesce_churn.send_ok	u64
    stats.espintcp_coalesce_churn.keepalive_ok	u64
    stats.espintcp_coalesce_churn.no_ingress_arm_ok	u64
    stats.espintcp_coalesce_churn.no_ingress_setup_failed	u64
    stats.espintcp_coalesce_churn.no_ingress_dellink_ok	u64
  stats.netns_mountns_setup	object
    stats.netns_mountns_setup.runs	u64
    stats.netns_mountns_setup.setup_failed	u64
    stats.netns_mountns_setup.unshare_ok	u64
    stats.netns_mountns_setup.mount_private_ok	u64
    stats.netns_mountns_setup.loopback_ok	u64
    stats.netns_mountns_setup.socket_ok	u64
    stats.netns_mountns_setup.completed_ok	u64
  stats.ipv6_pmtu_race	object
    stats.ipv6_pmtu_race.runs	u64
    stats.ipv6_pmtu_race.setup_failed	u64
    stats.ipv6_pmtu_race.ptb_sent_ok	u64
    stats.ipv6_pmtu_race.dellink_ok	u64
    stats.ipv6_pmtu_race.completed_ok	u64
  stats.pkt_builder	object
    stats.pkt_builder.runs	u64
    stats.pkt_builder.setup_failed	u64
    stats.pkt_builder.built_ok	u64
    stats.pkt_builder.build_failed	u64
    stats.pkt_builder.mutated	u64
    stats.pkt_builder.truncated	u64
    stats.pkt_builder.delivered_ok	u64
    stats.pkt_builder.delivery_failed	u64
    stats.pkt_builder.delivery_disabled	u64
    stats.pkt_builder.srh_probe_inert	u64
    stats.pkt_builder.srh_nl_open_failed	u64
    stats.pkt_builder.recipe_vxlan_eth_ip4	u64
    stats.pkt_builder.recipe_gretap_eth_ip4	u64
    stats.pkt_builder.recipe_raw_ip4_gretap_ip4	u64
    stats.pkt_builder.recipe_qinq_ip4	u64
    stats.pkt_builder.recipe_geneve_v6_eth_ip6	u64
    stats.pkt_builder.recipe_mpls_ip4	u64
    stats.pkt_builder.recipe_rpl_srh_udp	u64
    stats.pkt_builder.recipe_seg6_srh_udp	u64
    stats.pkt_builder.recipe_esp_ip4	u64
    stats.pkt_builder.recipe_vlan_ip4	u64
  stats.af_unix_scm_rights_gc	object
    stats.af_unix_scm_rights_gc.runs	u64
    stats.af_unix_scm_rights_gc.setup_failed	u64
    stats.af_unix_scm_rights_gc.cycle_built_ok	u64
    stats.af_unix_scm_rights_gc.close_ok	u64
    stats.af_unix_scm_rights_gc.trigger_ok	u64
    stats.af_unix_scm_rights_gc.recv_ok	u64
    stats.af_unix_scm_rights_gc.peek_ok	u64
    stats.af_unix_scm_rights_gc.iouring_variant_ok	u64
    stats.af_unix_scm_rights_gc.sibling_spawn_ok	u64
    stats.af_unix_scm_rights_gc.sibling_spawn_failed	u64
    stats.af_unix_scm_rights_gc.sibling_reaped_ok	u64
    stats.af_unix_scm_rights_gc.sibling_crashed	u64
    stats.af_unix_scm_rights_gc.unix_gc_two_scc_arm	u64
  stats.refcount_audit	object
    stats.refcount_audit.runs	u64
    stats.refcount_audit.fd_anomalies	u64
    stats.refcount_audit.mmap_anomalies	u64
    stats.refcount_audit.sock_anomalies	u64
  stats.iouring_send_zc_churn	object
    stats.iouring_send_zc_churn.runs	u64
    stats.iouring_send_zc_churn.setup_failed	u64
    stats.iouring_send_zc_churn.register_bufs_ok	u64
    stats.iouring_send_zc_churn.send_zc_ok	u64
    stats.iouring_send_zc_churn.sendmsg_zc_ok	u64
    stats.iouring_send_zc_churn.unregister_race_ok	u64
    stats.iouring_send_zc_churn.update_race_ok	u64
    stats.iouring_send_zc_churn.cqe_drained	u64
  stats.rxrpc_key_install	object
    stats.rxrpc_key_install.runs	u64
    stats.rxrpc_key_install.calls	u64
    stats.rxrpc_key_install.revokes	u64
    stats.rxrpc_key_install.quota_hits	u64
    stats.rxrpc_key_install.unsupported	u64
    stats.rxrpc_key_install.xrxgk_accepted	u64
  stats.icmp_inject	object
    stats.icmp_inject.errors_injected	u64
    stats.icmp_inject.inject_failed	u64
    stats.icmp_inject.selftest_runs	u64
    stats.icmp_inject.selftest_ok	u64
    stats.icmp_inject.selftest_fail	u64
    stats.icmp_inject.init_failed	u64
    stats.icmp_inject.ns_unsupported	u64
  stats.fdstress	object
    stats.fdstress.close_reopen	u64
    stats.fdstress.dup2_replace	u64
    stats.fdstress.type_confusion	u64
    stats.fdstress.cloexec_toggle	u64
    stats.fdstress.protected_skipped	u64
  stats.vsock_transport_churn	object
    stats.vsock_transport_churn.runs	u64
    stats.vsock_transport_churn.setup_failed	u64
    stats.vsock_transport_churn.bind_ok	u64
    stats.vsock_transport_churn.connect_ok	u64
    stats.vsock_transport_churn.send_ok	u64
    stats.vsock_transport_churn.buffer_size_ok	u64
    stats.vsock_transport_churn.timeout_ok	u64
    stats.vsock_transport_churn.get_cid_ok	u64
    stats.vsock_transport_churn.seq_eom_runs	u64
    stats.vsock_transport_churn.seq_eom_sends_ok	u64
    stats.vsock_transport_churn.seq_eom_sends_failed	u64
    stats.vsock_transport_churn.seq_eom_skipped	u64
    stats.vsock_transport_churn.vsock_reconnect_attempted	u64
    stats.vsock_transport_churn.vsock_reconnect_while_closing	u64
kcov	object?
  kcov.unique_edges	u64
  kcov.total_pcs	u64
  kcov.total_calls	u64
  kcov.remote_calls	u64
  kcov.cmp_records_collected	u64
  kcov.cmp_trace_truncated	u64
  kcov.cmp_hints_bloom_skipped	u64
  kcov.cmp_hints_strip_skipped	u64
  kcov.cmp_hints_unique_inserts	u64
  kcov.cmp_hints_save_reject_nonconst	u64
  kcov.cmp_hints_save_reject_uninteresting	u64
  kcov.cmp_hints_save_reject_sentinel	u64
  kcov.cmp_hints_save_reject_dup	u64
  kcov.cmp_hints_save_reject_cap	u64
  kcov.cmp_hint_wins	u64
  kcov.cmp_hints_injected	u64
  kcov.cmp_hyp_pc_wins	u64
  kcov.cmp_hyp_live_injected	u64
  kcov.cmp_hint_pc_wins_by_pool	array
  kcov.cmp_hyp_pc_wins_by_kind	array
  kcov.cmp_hyp_live_injected_by_kind	array
  kcov.transition_edges_found	u64
  kcov.transition_distinct_edges	u64
  kcov.top_syscalls	array
    kcov.top_syscalls.name	str
    kcov.top_syscalls.edges	u64
  kcov.top_recent_growth	array
    kcov.top_recent_growth.name	str
    kcov.top_recent_growth.delta	u64
  kcov.top_transition_syscalls	array
    kcov.top_transition_syscalls.name	str
    kcov.top_transition_syscalls.transitions	u64
  kcov.top_transition_recent_growth	array
    kcov.top_transition_recent_growth.name	str
    kcov.top_transition_recent_growth.delta	u64
  kcov.cold_syscalls	array
    kcov.cold_syscalls.name	str
    kcov.cold_syscalls.edges	u64
    kcov.cold_syscalls.last_edge_at	u64
minicorpus	object?
  minicorpus.mutators	array
    minicorpus.mutators.name	str
    minicorpus.mutators.trials	u64
    minicorpus.mutators.wins	u64
    minicorpus.mutators.structured_trials	u64
    minicorpus.mutators.structured_wins	u64
  minicorpus.splice	object
    minicorpus.splice.hits	u64
    minicorpus.splice.wins	u64
  minicorpus.xprop	object
    minicorpus.xprop.hits	u64
    minicorpus.xprop.wins	u64
    minicorpus.xprop.attempts	u64
    minicorpus.xprop.reject_target_not_fdarg	u64
    minicorpus.xprop.reject_src_self	u64
    minicorpus.xprop.reject_src_empty	u64
  minicorpus.stack_depth_histogram	object
    minicorpus.stack_depth_histogram.%u	u64
  minicorpus.replay	object
    minicorpus.replay.count	u64
    minicorpus.replay.wins	u64
  minicorpus.saves_by_reason	object
    minicorpus.saves_by_reason.pc	u64
    minicorpus.saves_by_reason.cmp	u64
    minicorpus.saves_by_reason.errno	u64
  minicorpus.evicts_by_reason	object
    minicorpus.evicts_by_reason.pc	u64
    minicorpus.evicts_by_reason.cmp	u64
  minicorpus.mut_attrib_cmp_wins	u64
  minicorpus.errno_grad_save	object
    minicorpus.errno_grad_save.would_save	u64
    minicorpus.errno_grad_save.did_save	u64
  minicorpus.replay_wins_by_age	object
    minicorpus.replay_wins_by_age.%u	u64
  minicorpus.sequence_chains	object
    minicorpus.sequence_chains.iter_count	u64
    minicorpus.sequence_chains.substitutions	u64
    minicorpus.sequence_chains.corpus_saves	u64
    minicorpus.sequence_chains.corpus_replays	u64
cmp_hints	object?
  cmp_hints.values_total	u32
  cmp_hints.syscalls_with_hints	u32
type_graph	object?
  type_graph.publish_observations	u64
  type_graph.consume_observations	u64
  type_graph.consume_hits	u64
  type_graph.consume_misses	u64
  type_graph.edge_inserts	u64
  type_graph.edge_updates	u64
  type_graph.edge_pool_exhausted	u64
  type_graph.top_handoffs	array
    type_graph.top_handoffs.producer	str
    type_graph.top_handoffs.consumer	str
    type_graph.top_handoffs.arg	u32
    type_graph.top_handoffs.type	str
    type_graph.top_handoffs.observations	u64
    type_graph.top_handoffs.total_ema	u32
    type_graph.top_handoffs.success_ema	u32
    type_graph.top_handoffs.novel_ema	u32
